[showandtell.agency/index.html]
[showandtell.agency/favicon.ico]
[showandtell.agency/apple-touch-icon.png]
[showandtell.agency/favicon-32x32.png]
[showandtell.agency/favicon-16x16.png]
[showandtell.agency/site.webmanifest]
[backblue.gif]
[fade.gif]
[index.html]
[dan-payload-test.s3.eu-west-1.amazonaws.com/dan-payload-test/Impression_EverymanShoot_001.jpg]
[showandtell.agency/_next/static/media/c074ebc4f8a60050-s.p.woff2]
[showandtell.agency/fr.html]
[showandtell.agency/_next/static/media/9431a58d2dabef30-s.p.woff2]
[showandtell.agency/_next/static/media/45c7e5f62fcd5e3e-s.p.woff2]
[showandtell.agency/_next/static/css/387afe4e8220881d.css]
[showandtell.agency/_next/static/css/cb1dbcef81c464de.css]
[showandtell.agency/_next/static/css/2914384fc2a80185.css]
[showandtell.agency/_next/static/css/ca8e381985c5e645.css]
[showandtell.agency/_next/static/css/2a8447744786e6df.css]
[showandtell.agency/_next/static/css/da433b0422b78507.css]
[showandtell.agency/_next/static/css/4d18542cd40c3644.css]
[showandtell.agency/_next/static/css/5b1a7c67e64d189b.css]
[showandtell.agency/_next/static/css/ebd4be6dcddbe2d2.css]
[showandtell.agency/_next/static/chunks/polyfills-78c92fac7aa8fdd8.js]
[showandtell.agency/_next/static/chunks/9453-e0f29c59efc09d6f.js]
[showandtell.agency/_next/static/chunks/9944.6d60787466f865f1.js]
[showandtell.agency/_next/static/chunks/8375.f20dd7ba07ae56af.js]
[showandtell.agency/_next/static/chunks/3024.0c96c1807f90ecee.js]
[showandtell.agency/_next/static/chunks/1340.b91904caca459e30.js]
[showandtell.agency/_next/static/chunks/9430.1e36e604e2f77dda.js]
[showandtell.agency/de.html]
[showandtell.agency/_next/static/chunks/d3048c20-85006cc37e2a1e08.js]
[showandtell.agency/_next/static/chunks/fec483df-ede4164406302095.js]
[showandtell.agency/_next/static/chunks/d2094a0f-786ce57baa535fca.js]
[showandtell.agency/_next/static/chunks/8764-eea8f6b555b2048d.js]
[showandtell.agency/_next/static/chunks/9539-2e9ccb1a4ee3095f.js]
[showandtell.agency/_next/static/chunks/2261-6d8581534f85fbb5.js]
[showandtell.agency/_next/static/chunks/8918-f60950b9f8baa6e6.js]
[showandtell.agency/_next/static/chunks/5555-51df53a0e70679ca.js]
[showandtell.agency/_next/static/chunks/6179.3d13d65d3b2526e2.js]
[showandtell.agency/_next/static/chunks/4826.da7ce5e42651d46f.js]
[showandtell.agency/_next/static/chunks/webpack-e6adaa26e4d6609d.js]
[showandtell.agency/_next/static/chunks/2797-6d16205d79ca123e.js]
[showandtell.agency/_next/static/chunks/framework-18b763ea1738589e.js]
[showandtell.agency/_next/static/chunks/main-122b5c3f1644c5e7.js]
[showandtell.agency/_next/static/chunks/pages/_app-0a1727bff2b8d576.js]
[showandtell.agency/_next/static/chunks/9548-9fa1671aa2fb96d4.js]
[showandtell.agency/_next/static/chunks/5950-add6757f6182291c.js]
[showandtell.agency/_next/static/chunks/pages/[slug]-221105caae5339cc.js]
[showandtell.agency/_next/static/nWY_MIdI59ZDv-IzpCvzr/_buildManifest.js]
[showandtell.agency/_next/static/nWY_MIdI59ZDv-IzpCvzr/_ssgManifest.js]
[showandtell.agency/case-study.html]
[showandtell.agency/studio.html]
[showandtell.agency/digital.html]
[showandtell.agency/insights.html]
[showandtell.agency/careers.html]
[showandtell.agency/_next/microtech-hero46f6.jpg]
[showandtell.agency/_next/optinet-111808.jpg]
[showandtell.agency/case-study/optinet.html]
[showandtell.agency/_next/denton-1f4e9.jpg]
[showandtell.agency/case-study/denton.html]
[showandtell.agency/_next/equ-02c6b5.jpg]
[showandtell.agency/case-study/equinox.html]
[showandtell.agency/_next/atlas-heroc069.jpg]
[showandtell.agency/case-study/atlas-venture.html]
[showandtell.agency/_next/DO_Fullwidth_01-1386x979184b.jpg]
[showandtell.agency/_next/image 1cf1b.png]
[showandtell.agency/branding.html]
[showandtell.agency/_next/image142612d.jpg]
[showandtell.agency/immersive.html]
[showandtell.agency/_next/Impression_Lifestyle_149 15f29.png]
[showandtell.agency/_next/c3f35d63-6b98-4626-840f-9b55e1c83286 15d07.jpg]
[showandtell.agency/sector/investment-firms.html]
[showandtell.agency/_next/Office-Area-1920x1080b57f.jpg]
[showandtell.agency/_next/sw-homepaged25e.jpg]
[showandtell.agency/sector/property-development-proptech.html]
[showandtell.agency/sector/saas-technology.html]
[showandtell.agency/_next/hlr-10f3f3.jpg]
[showandtell.agency/sector/retail-commerce.html]
[showandtell.agency/_next/WT-09b0ea.jpg]
[showandtell.agency/sector/energy-utilities.html]
[showandtell.agency/_next/ne-109e46.jpg]
[showandtell.agency/sector/food-manufacturing.html]
[showandtell.agency/_next/ICB-herobb23.jpg]
[showandtell.agency/_next/image (28)-2241d.png]
[showandtell.agency/insights/news/show-tell-partners-with-mind-in-harrogate-district.html]
[showandtell.agency/_next/image (27)-1ef8a.png]
[showandtell.agency/insights/news/show-tell-welcomes-another-vc-client.html]
[showandtell.agency/_next/s-tblog hero2efb.jpg]
[showandtell.agency/insights/news/impression-studio-rebrands-as-show-tell.html]
[showandtell.agency/services.html]
[showandtell.agency/contact-us.html]
[showandtell.agency/index.html]
[showandtell.agency/privacy-cookies-policy.html]
[showandtell.agency/fr/case-study.html]
[showandtell.agency/fr/studio.html]
[showandtell.agency/fr/branding.html]
[showandtell.agency/fr/digital.html]
[showandtell.agency/fr/contact-us.html]
[showandtell.agency/_next/Screenshot 2023-11-01 at 11b3c9.png]
[showandtell.agency/_next/sw-homepagee8bb.jpg]
[showandtell.agency/_next/Office-Area-1920x1080564b.jpg]
[showandtell.agency/_next/DO_Inline_03-1386x979f947.jpg]
[showandtell.agency/fr/étude de cas]
[showandtell.agency/fr/case-study/optinet.html]
[showandtell.agency/fr/case-study/denton.html]
[showandtell.agency/fr/case-study/equinox.html]
[showandtell.agency/_next/us-thumbee58.jpg]
[showandtell.agency/fr/case-study/ulrick-short.html]
[showandtell.agency/fr/l'image de marque]
[showandtell.agency/fr/numérique]
[showandtell.agency/fr/sector/investment-firms]
[showandtell.agency/fr/sector/property-development-proptech]
[showandtell.agency/fr/sector/saas-technology]
[showandtell.agency/fr/sector/retail-commerce]
[showandtell.agency/fr/sector/energy-utilities]
[showandtell.agency/fr/sector/food-manufacturing]
[showandtell.agency/fr/insights.html]
[showandtell.agency/fr/insights/news/impression-studio-rebrands-as-show-tell]
[showandtell.agency/_next/Show and Tell - deep dive thumbnialcb01.jpg]
[showandtell.agency/fr/insights/insights/embracing-change-an-introduction-to-our-visual-identity]
[showandtell.agency/_next/Impression_EverymanShoot_028fa57.jpg]
[showandtell.agency/fr/insights/work/show-tell-appoints-former-jaywing-head-of-systems]
[showandtell.agency/fr.html]
[showandtell.agency/fr/privacy-cookies-policy.html]
[showandtell.agency/de/case-study.html]
[showandtell.agency/de/studio.html]
[showandtell.agency/de/branding.html]
[showandtell.agency/de/digital.html]
[showandtell.agency/de/contact-us.html]
[showandtell.agency/de/Fallstudie]
[showandtell.agency/de/case-study/optinet.html]
[showandtell.agency/de/case-study/denton.html]
[showandtell.agency/de/case-study/equinox.html]
[showandtell.agency/de/case-study/ulrick-short.html]
[showandtell.agency/de/Branding]
[showandtell.agency/de/Digital]
[showandtell.agency/de/sector/investment-firms]
[showandtell.agency/de/sector/property-development-proptech]
[showandtell.agency/de/sector/saas-technology]
[showandtell.agency/de/sector/retail-commerce]
[showandtell.agency/de/sector/energy-utilities]
[showandtell.agency/de/sector/food-manufacturing]
[showandtell.agency/de/insights/news/impression-studio-rebrands-as-show-tell]
[showandtell.agency/de/insights.html]
[showandtell.agency/de/insights/insights/embracing-change-an-introduction-to-our-visual-identity]
[showandtell.agency/de/insights/work/show-tell-appoints-former-jaywing-head-of-systems]
[showandtell.agency/de/services]
[showandtell.agency/de.html]
[showandtell.agency/_next/static/css/387afe4e8220881d.css]
[showandtell.agency/de/privacy-cookies-policy.html]
[showandtell.agency/_next/static/css/cb1dbcef81c464de.css]
[showandtell.agency/_next/static/css/2914384fc2a80185.css]
[showandtell.agency/_next/static/css/a0788a95635e83d7.css]
[showandtell.agency/_next/static/css/ca8e381985c5e645.css]
[showandtell.agency/_next/static/css/2a8447744786e6df.css]
[showandtell.agency/_next/static/css/da433b0422b78507.css]
[showandtell.agency/_next/static/css/4d18542cd40c3644.css]
[showandtell.agency/_next/static/css/5b1a7c67e64d189b.css]
[showandtell.agency/_next/static/css/ebd4be6dcddbe2d2.css]
[showandtell.agency/_next/static/css/baa64e84f0ab6e02.css]
[showandtell.agency/_next/static/chunks/pages/case-study-702902d40924ac02.js]
[showandtell.agency/_next/Decked Out - 03b253.jpg]
[showandtell.agency/case-study/decked-out.html]
[showandtell.agency/_next/tendegrees-02dc87.jpg]
[showandtell.agency/_next/griffith wood-070b71.jpg]
[showandtell.agency/case-study/ten-degrees.html]
[showandtell.agency/_next/Bloom-09084d.jpg]
[showandtell.agency/case-study/griffith-wood.html]
[showandtell.agency/_next/hlr-3bee9.jpg]
[showandtell.agency/case-study/bloom-nine-elms.html]
[showandtell.agency/case-study.html]
[showandtell.agency/case-study/hlr-lookup.html]
[showandtell.agency/_next/static/css/adb33f28d818beee.css]
[showandtell.agency/_next/static/css/58ed28e8ff0edd88.css]
[showandtell.agency/_next/static/css/8f04728bcde0a940.css]
[showandtell.agency/_next/static/css/ec48b4bcc4076d87.css]
[showandtell.agency/_next/static/css/82d873eab2c10dfe.css]
[showandtell.agency/_next/static/css/08aceee2147b3713.css]
[showandtell.agency/_next/static/css/1703d1efba6388a8.css]
[showandtell.agency/_next/static/css/e308d4017427581a.css]
[showandtell.agency/_next/static/chunks/9986.7d36b0dfaebbecbc.js]
[showandtell.agency/_next/static/chunks/9339.2910c1b847d14938.js]
[showandtell.agency/_next/static/chunks/2814.b73f1c0b077faad4.js]
[showandtell.agency/_next/static/chunks/2326.6cbacbf0a3c964c7.js]
[showandtell.agency/_next/static/chunks/6644.6e3cea48c2b37dc1.js]
[showandtell.agency/_next/static/chunks/3471.b1e9ddda9d643ba2.js]
[showandtell.agency/_next/static/chunks/238.c1b6973ab99cb4b7.js]
[showandtell.agency/_next/static/chunks/7052.e9a8826f686b6d13.js]
[showandtell.agency/_next/static/chunks/893.1a6e45bb34a60e42.js]
[showandtell.agency/_next/static/chunks/9215.a51e6bced63e3ac2.js]
[showandtell.agency/_next/static/chunks/9981.eea47a0f2b01f717.js]
[showandtell.agency/_next/Impression_Lifestyle_149 115b4.png]
[showandtell.agency/_next/image1428e2a.jpg]
[showandtell.agency/_next/Impression_EverymanShoot_006a4ea.jpg]
[showandtell.agency/_next/Impression_Lifestyle_24105f0.jpg]
[showandtell.agency/_next/image 1742231.jpg]
[showandtell.agency/_next/Impression_Lifestyle_2028ac1.jpg]
[showandtell.agency/_next/b13cd0d2-8337-4ec3-ba97-e168b019c193c1c8.jpg]
[showandtell.agency/_next/image 1140d22.jpg]
[showandtell.agency/_next/Impression_Lifestyle_181cf1c.jpg]
[showandtell.agency/_next/Impression_EverymanShoot_00180ff.jpg]
[showandtell.agency/_next/image 173018a.jpg]
[showandtell.agency/_next/Impression_EverymanShoot_027ece7.jpg]
[showandtell.agency/_next/Impression_Nov22_015af69.jpg]
[showandtell.agency/_next/Screenshot 2023-09-04 at 09bfac.png]
[showandtell.agency/_next/Impression_Nov22_0034b44.jpg]
[showandtell.agency/_next/Impression_Lifestyle_208b1b1.jpg]
[showandtell.agency/studio.html]
[showandtell.agency/_next/static/css/98de51a94d82d814.css]
[showandtell.agency/_next/static/css/eaf3de06a6e8a5a0.css]
[showandtell.agency/_next/static/css/adbdb583440f3728.css]
[showandtell.agency/_next/static/css/fb6cdc8aaeb7414d.css]
[showandtell.agency/_next/static/chunks/4776.ae48c3fc757f2620.js]
[showandtell.agency/_next/static/chunks/6542.e7611f2858234db9.js]
[showandtell.agency/_next/static/chunks/4054.f1d49c219e74fc4e.js]
[showandtell.agency/_next/static/chunks/816.0f5bb858c53ba26f.js]
[showandtell.agency/_next/62aeb69327202b6a2028665f6beb563d7030.jpg]
[showandtell.agency/_next/sw-022bc8.jpg]
[showandtell.agency/_next/microtech-hero3997.jpg]
[showandtell.agency/_next/62aeb69327202b6a2028665f6beb563d4968.jpg]
[showandtell.agency/_next/KAL-093a22.jpg]
[showandtell.agency/_next/BTG-055cc3.jpg]
[showandtell.agency/case-study/kal.html]
[showandtell.agency/_next/image 146832b.jpg]
[showandtell.agency/digital.html]
[showandtell.agency/case-study/bettys-taylors-group.html]
[showandtell.agency/_next/static/css/a5dd9d45079329e2.css]
[showandtell.agency/_next/static/chunks/6998-ad895c956d1e9960.js]
[showandtell.agency/_next/static/chunks/pages/insights-19890b1bf32f4b32.js]
[showandtell.agency/_next/s-tblog hero6b33.jpg]
[showandtell.agency/insights/news/show-tell-bolsters-growth-with-new-agency-marketing-manager.html]
[showandtell.agency/_next/DSC_1924 copyef57.jpg]
[showandtell.agency/_next/image (41)13bb.png]
[showandtell.agency/insights/insights/the-importance-of-discovery-sessions-for-brandux.html]
[showandtell.agency/insights/news/uk-sport-selects-show-tell-to-enhance-ux-for-eventimpacts-.html]
[showandtell.agency/_next/image (38)521c.png]
[showandtell.agency/insights/insights/meet-the-team-tim-inggall.html]
[showandtell.agency/_next/DSC_1292 copy (1)7c4f.jpg]
[showandtell.agency/_next/image (27)-1efbf.png]
[showandtell.agency/_next/image (28)-21b46.png]
[showandtell.agency/insights/news/a-double-award-win-for-show-tell.html]
[showandtell.agency/_next/image (32)f75a.png]
[showandtell.agency/insights/insights/power-composable-architecture.html]
[showandtell.agency/_next/Impression_EverymanShoot_0280ad4.jpg]
[showandtell.agency/insights/news/new-client-alert-dtre.html]
[showandtell.agency/_next/DTRE_Industrial_17-11399.jpg]
[showandtell.agency/insights/insights/what-is-headless-cms.html]
[showandtell.agency/_next/headless-blogb9c7.jpg]
[showandtell.agency/_next/image (22)16fa.png]
[showandtell.agency/insights/news/uk-dev-awards-2024-finalist.html]
[showandtell.agency/_next/arterius-blog-hero1a8c.jpg]
[showandtell.agency/insights.html]
[showandtell.agency/insights/insights/customer-success-moving-arterius-from-wordpress-to-payload.html]
[showandtell.agency/_next/static/css/5bfcf2e4e75abdfd.css]
[showandtell.agency/_next/static/css/b420528efee6365e.css]
[showandtell.agency/_next/static/css/5f286abc07e4d9a9.css]
[showandtell.agency/_next/static/chunks/2729.314265d3220c6ca0.js]
[showandtell.agency/_next/static/chunks/8195.87267ad807952fa9.js]
[showandtell.agency/_next/static/chunks/9557.f5be766bb61fb9d1.js]
[showandtell.agency/_next/static/chunks/2258.d537d5fabf552700.js]
[showandtell.agency/_next/static/chunks/404.30ecb4a1786cabb2.js]
[showandtell.agency/_next/careersdf80.jpg]
[showandtell.agency/_next/image 142d7c9.jpg]
[showandtell.agency/_next/Impression_Lifestyle_26429a5.jpg]
[showandtell.agency/_next/Screenshot 2024-05-15 at 112093.png]
[showandtell.agency/careers.html]
[showandtell.agency/_next/static/css/235b4caa9e18a9b8.css]
[showandtell.agency/_next/static/chunks/1665-39ee2ba033ca17cf.js]
[showandtell.agency/_next/static/chunks/2004-870caa8748c8cc49.js]
[showandtell.agency/_next/static/chunks/pages/case-study/[slug]-d9470c7186df487a.js]
[showandtell.agency/_next/optinet-heroacf5.jpg]
[showandtell.agency/_next/optinet-01b6f9.jpg]
[showandtell.agency/_next/optinet-02986e.jpg]
[showandtell.agency/_next/optinet-049025.jpg]
[showandtell.agency/_next/optinet-05e4ab.jpg]
[showandtell.agency/_next/optinet-06b79a.jpg]
[showandtell.agency/_next/optinet-07737b.jpg]
[showandtell.agency/_next/optinet-088cbd.jpg]
[showandtell.agency/_next/optinet-09af7d.jpg]
[showandtell.agency/_next/optinet-10a8c7.jpg]
[showandtell.agency/_next/optinet-121642.jpg]
[showandtell.agency/_next/optinet-133424.jpg]
[showandtell.agency/_next/pulse-26c0b.jpg]
[showandtell.agency/case-study/optinet.html]
[showandtell.agency/_next/denton-1d73a.jpg]
[showandtell.agency/_next/denton-36c7d.jpg]
[showandtell.agency/_next/Home-61a380.jpg]
[showandtell.agency/_next/Home-627b2a.jpg]
[showandtell.agency/_next/Home-634564.jpg]
[showandtell.agency/_next/Home-644e30.jpg]
[showandtell.agency/_next/Home-65ea6c.jpg]
[showandtell.agency/_next/Home-66a801.jpg]
[showandtell.agency/_next/denton-055fcd.jpg]
[showandtell.agency/_next/denton-06227a.jpg]
[showandtell.agency/_next/denton-0757b6.jpg]
[showandtell.agency/_next/denton-09960b.jpg]
[showandtell.agency/_next/denton-011b62d.jpg]
[showandtell.agency/_next/denton-10a334.jpg]
[showandtell.agency/_next/RichardDouglas-scaled904b.jpg]
[showandtell.agency/_next/sw-07024d.jpg]
[showandtell.agency/case-study/denton.html]
[showandtell.agency/_next/equ-hero79f4.jpg]
[showandtell.agency/_next/equ-038278.jpg]
[showandtell.agency/_next/equ-019e41.jpg]
[showandtell.agency/_next/equ-3c41c.jpg]
[showandtell.agency/_next/Screenshot 2023-12-07 at 129835.png]
[showandtell.agency/_next/equ-06b108.jpg]
[showandtell.agency/_next/placeholderdcdd.jpg]
[showandtell.agency/_next/equ-077cca.jpg]
[showandtell.agency/case-study/equinox.html]
[showandtell.agency/fr/case-study/atlas-venture.html]
[showandtell.agency/_next/atlas-heroa1cc.jpg]
[showandtell.agency/de/case-study/atlas-venture.html]
[showandtell.agency/_next/image 155c6.png]
[showandtell.agency/_next/atlas-001afb8.jpg]
[showandtell.agency/_next/atlas003a7f4.jpg]
[showandtell.agency/_next/Frame 167809b4.jpg]
[showandtell.agency/_next/06-Careerse5db.jpg]
[showandtell.agency/_next/04-Team-Category2-1ea1e.jpg]
[showandtell.agency/_next/Home-statsb23a.jpg]
[showandtell.agency/_next/Timeline84ec.jpg]
[showandtell.agency/_next/Frame 16798c53.jpg]
[showandtell.agency/_next/atlas-222d9f1.jpg]
[showandtell.agency/_next/approach-shape-23d5e.jpg]
[showandtell.agency/_next/Liz-Patrick-Nicole-Chan-Photography-13 1c818.jpg]
[showandtell.agency/_next/approach-shape-38baa.jpg]
[showandtell.agency/_next/of-9cb9a.jpg]
[showandtell.agency/_next/of-037074.jpg]
[showandtell.agency/case-study/atlas-venture.html]
[showandtell.agency/_next/b13cd0d2-8337-4ec3-ba97-e168b019c193eb48.jpg]
[showandtell.agency/_next/optinet-043703.jpg]
[showandtell.agency/_next/inga-06577b.jpg]
[showandtell.agency/_next/rf-0650e0.jpg]
[showandtell.agency/branding.html]
[showandtell.agency/case-study/rfhic.html]
[showandtell.agency/fr/immersive.html]
[showandtell.agency/de/immersive.html]
[showandtell.agency/_next/static/css/2fb5e01acea0cf30.css]
[showandtell.agency/_next/static/css/56b4fa86ff56965d.css]
[showandtell.agency/_next/static/css/0ade1a4f89aac1d4.css]
[showandtell.agency/_next/static/chunks/fb7d5399.0508501997c31bcf.js]
[showandtell.agency/_next/static/chunks/3970.e087aaa2cf239864.js]
[showandtell.agency/_next/static/chunks/349dfe74.c7f121a130e9280f.js]
[showandtell.agency/_next/static/chunks/8099.083de517b605e8c2.js]
[showandtell.agency/_next/static/chunks/6241.edb0fc13e02c4338.js]
[showandtell.agency/_next/static/chunks/5782.af6a4fb855362abf.js]
[showandtell.agency/_next/static/chunks/4167.5b54567e32d6530e.js]
[showandtell.agency/_next/static/chunks/6912.7713837bb3626bfa.js]
[showandtell.agency/_next/Group 14150e8.jpg]
[showandtell.agency/_next/Group 1420205.jpg]
[showandtell.agency/_next/Screenshot 2024-01-10 at 13517a.png]
[showandtell.agency/immersive.html]
[showandtell.agency/_next/static/css/f124961414680b60.css]
[showandtell.agency/_next/static/chunks/pages/sector/[slug]-a995185328de4397.js]
[showandtell.agency/_next/of-049ff7.jpg]
[showandtell.agency/_next/inga-08c26f.jpg]
[showandtell.agency/_next/of-030cec.jpg]
[showandtell.agency/case-study/omega-funds.html]
[showandtell.agency/_next/Inga-hero2ff8.jpg]
[showandtell.agency/sector/investment-firms.html]
[showandtell.agency/case-study/ing-group.html]
[showandtell.agency/_next/sw-homepage53f5.jpg]
[showandtell.agency/_next/Bloom-1097ae.jpg]
[showandtell.agency/_next/sw-078767.jpg]
[showandtell.agency/sector/property-development-proptech.html]
[showandtell.agency/case-study/sanderson-weatherall.html]
[showandtell.agency/_next/hlr-heroba49.jpg]
[showandtell.agency/_next/equ-030033.jpg]
[showandtell.agency/_next/pulse-251c7.jpg]
[showandtell.agency/sector/saas-technology.html]
[showandtell.agency/case-study/pulse-fibre.html]
[showandtell.agency/_next/WT-025278.jpg]
[showandtell.agency/_next/DO_Inline_05-2112x1188574a.png]
[showandtell.agency/_next/WT-04eae0.jpg]
[showandtell.agency/case-study/whitetail-gin.html]
[showandtell.agency/_next/YDO-04fbd6.jpg]
[showandtell.agency/sector/retail-commerce.html]
[showandtell.agency/case-study/yeah-days-out.html]
[showandtell.agency/_next/ne-6bee9.jpg]
[showandtell.agency/_next/ne-thumbe184.jpg]
[showandtell.agency/sector/energy-utilities.html]
[showandtell.agency/case-study/northern-energy.html]
[showandtell.agency/_next/ICB-heroba04.jpg]
[showandtell.agency/_next/BTG-6af40.jpg]
[showandtell.agency/_next/ICB-060c5e.jpg]
[showandtell.agency/_next/o3-feature2597.jpg]
[showandtell.agency/case-study/ic-brands.html]
[showandtell.agency/case-study/o3.html]
[showandtell.agency/_next/ICB-013b07.jpg]
[showandtell.agency/sector/food-manufacturing.html]
[showandtell.agency/case-study/ulrick-short.html]
[showandtell.agency/_next/static/css/e40daace9cd3784e.css]
[showandtell.agency/insights/undefined/show-tell-partners-with-mind-in-harrogate-district.html]
[showandtell.agency/_next/static/chunks/pages/insights/[category]/[slug]-33929d2db4141e8c.js]
[showandtell.agency/_next/image (28)-12929.png]
[showandtell.agency/insights/news/show-tell-partners-with-mind-in-harrogate-district.html]
[showandtell.agency/insights/undefined/show-tell-welcomes-another-vc-client.html]
[showandtell.agency/_next/image (27)74f4.png]
[showandtell.agency/insights/news/show-tell-welcomes-another-vc-client.html]
[showandtell.agency/insights/undefined/impression-studio-rebrands-as-show-tell.html]
[showandtell.agency/_next/s-tblog herobe1a.jpg]
[showandtell.agency/insights/insights/embracing-change-an-introduction-to-our-visual-identity.html]
[showandtell.agency/insights/news/embracing-change-an-introduction-to-our-visual-identity.html]
[showandtell.agency/_next/Impression_EverymanShoot_001df45.jpg]
[showandtell.agency/insights/news/impression-studio-rebrands-as-show-tell.html]
[showandtell.agency/sector/brand-consultancy.html]
[showandtell.agency/sector/symfony.html]
[showandtell.agency/sector/wordpress-agency.html]
[showandtell.agency/sector/woocommerce-development.html]
[showandtell.agency/sector/enterprise-wordpress-development.html]
[showandtell.agency/Sector/web-development.html]
[showandtell.agency/sector/sylius.html]
[showandtell.agency/sector/shopify-plus.html]
[showandtell.agency/sector/laravel.html]
[showandtell.agency/sector/nextjs-development.html]
[showandtell.agency/sector/react.html]
[showandtell.agency/sector/payload-cms.html]
[showandtell.agency/sector/craft-cms-agency.html]
[showandtell.agency/sector/ecommerce.html]
[showandtell.agency/sector/web-design.html]
[showandtell.agency/sector/ux-user-experience-agency.html]
[showandtell.agency/sector/vuejs.html]
[showandtell.agency/sector/ppc.html]
[showandtell.agency/sector/social-media-marketing.html]
[showandtell.agency/sector/seo.html]
[showandtell.agency/sector/digital-strategy.html]
[showandtell.agency/sector/conversion-rate-optimisation-cro.html]
[showandtell.agency/services.html]
[showandtell.agency/sector/b2b-web-design-agency.html]
[showandtell.agency/_next/static/css/c7df7c591d83550d.css]
[showandtell.agency/sector/agency-for-outdoor-brands.html]
[showandtell.agency/_next/static/chunks/pages/contact-us-53432bb8e7e53a5b.js]
[showandtell.agency/_next/ba22b0afdc23b33f846ff55982040310b3ba.png]
[showandtell.agency/contact-us.html]
[showandtell.agency/_next/static/css/c8d80bd85899490e.css]
[showandtell.agency/privacy-cookies-policy.html]
[showandtell.agency/_next/static/chunks/8358.9002bca21d6d1045.js]
[showandtell.agency/fr/case-study/decked-out.html]
[showandtell.agency/fr/case-study/ten-degrees.html]
[showandtell.agency/fr/case-study/griffith-wood.html]
[showandtell.agency/fr/case-study/bloom-nine-elms.html]
[showandtell.agency/fr/case-study.html]
[showandtell.agency/fr/studio.html]
[showandtell.agency/fr/case-study/hlr-lookup.html]
[showandtell.agency/fr/branding.html]
[showandtell.agency/fr/case-study/rfhic.html]
[showandtell.agency/fr/case-study/kal.html]
[showandtell.agency/fr/digital.html]
[showandtell.agency/fr/contact-us.html]
[showandtell.agency/fr/étude de cas.html]
[showandtell.agency/fr/case-study/optinet.html]
[showandtell.agency/fr/case-study/denton.html]
[showandtell.agency/fr/case-study/equinox.html]
[showandtell.agency/fr/case-study/bettys-taylors-group.html]
[showandtell.agency/_next/us-013c39.jpg]
[showandtell.agency/_next/us-3b77b.jpg]
[showandtell.agency/_next/us-02a-168a6.jpg]
[showandtell.agency/_next/us-02b9698.jpg]
[showandtell.agency/_next/us-0303fa.jpg]
[showandtell.agency/_next/us-04a8923.jpg]
[showandtell.agency/_next/us-04be068.jpg]
[showandtell.agency/_next/us-screen48d3.jpg]
[showandtell.agency/_next/us-screen286ce.jpg]
[showandtell.agency/_next/us-screen37b7b.jpg]
[showandtell.agency/_next/us-screen4bae6.jpg]
[showandtell.agency/_next/us-screen5ee79.jpg]
[showandtell.agency/_next/us-screen68969.jpg]
[showandtell.agency/_next/us-064285.jpg]
[showandtell.agency/_next/us-7dc57.jpg]
[showandtell.agency/_next/us-84243.jpg]
[showandtell.agency/_next/us-0957fb.jpg]
[showandtell.agency/fr/case-study/ulrick-short.html]
[showandtell.agency/_next/microtech-024451.jpg]
[showandtell.agency/fr/l'image de marque.html]
[showandtell.agency/fr/numérique.html]
[showandtell.agency/fr/sector/investment-firms.html]
[showandtell.agency/fr/sector/property-development-proptech.html]
[showandtell.agency/fr/sector/saas-technology.html]
[showandtell.agency/fr/sector/retail-commerce.html]
[showandtell.agency/fr/sector/energy-utilities.html]
[showandtell.agency/fr/sector/food-manufacturing.html]
[showandtell.agency/fr/insights/news/show-tell-bolsters-growth-with-new-agency-marketing-manager]
[showandtell.agency/fr/insights/insights/the-importance-of-discovery-sessions-for-brandux]
[showandtell.agency/fr/insights/news/uk-sport-selects-show-tell-to-enhance-ux-for-eventimpacts-]
[showandtell.agency/fr/insights/insights/meet-the-team-tim-inggall]
[showandtell.agency/fr/insights/news/show-tell-welcomes-another-vc-client]
[showandtell.agency/fr/insights/news/show-tell-partners-with-mind-in-harrogate-district]
[showandtell.agency/fr/insights/news/a-double-award-win-for-show-tell]
[showandtell.agency/fr/insights/insights/power-composable-architecture]
[showandtell.agency/fr/insights/news/new-client-alert-dtre.html]
[showandtell.agency/fr/insights/insights/what-is-headless-cms]
[showandtell.agency/fr/insights/news/uk-dev-awards-2024-finalist]
[showandtell.agency/fr/insights/insights/customer-success-moving-arterius-from-wordpress-to-payload]
[showandtell.agency/fr/insights.html]
[showandtell.agency/fr/insights/news/impression-studio-rebrands-as-show-tell.html]
[showandtell.agency/fr/insights/insights/embracing-change-an-introduction-to-our-visual-identity.html]
[showandtell.agency/fr/insights/work/show-tell-appoints-former-jaywing-head-of-systems.html]
[showandtell.agency/fr/privacy-cookies-policy.html]
[showandtell.agency/de/case-study/decked-out.html]
[showandtell.agency/de/case-study/ten-degrees.html]
[showandtell.agency/de/case-study/griffith-wood.html]
[showandtell.agency/de/case-study/bloom-nine-elms.html]
[showandtell.agency/de/case-study.html]
[showandtell.agency/de/studio.html]
[showandtell.agency/de/case-study/hlr-lookup.html]
[showandtell.agency/de/branding.html]
[showandtell.agency/de/case-study/rfhic.html]
[showandtell.agency/de/case-study/kal.html]
[showandtell.agency/de/digital.html]
[showandtell.agency/de/contact-us.html]
[showandtell.agency/de/Fallstudie.html]
[showandtell.agency/de/case-study/optinet.html]
[showandtell.agency/de/case-study/denton.html]
[showandtell.agency/de/case-study/equinox.html]
[showandtell.agency/de/case-study/ulrick-short.html]
[showandtell.agency/de/Branding-2.html]
[showandtell.agency/de/Digital-2.html]
[showandtell.agency/de/sector/investment-firms.html]
[showandtell.agency/de/sector/property-development-proptech.html]
[showandtell.agency/de/sector/saas-technology.html]
[showandtell.agency/de/sector/retail-commerce.html]
[showandtell.agency/de/sector/energy-utilities.html]
[showandtell.agency/de/sector/food-manufacturing.html]
[showandtell.agency/de/case-study/bettys-taylors-group.html]
[showandtell.agency/de/insights/news/show-tell-bolsters-growth-with-new-agency-marketing-manager]
[showandtell.agency/de/insights/insights/the-importance-of-discovery-sessions-for-brandux]
[showandtell.agency/de/insights/news/uk-sport-selects-show-tell-to-enhance-ux-for-eventimpacts-]
[showandtell.agency/de/insights/insights/meet-the-team-tim-inggall]
[showandtell.agency/de/insights/news/show-tell-welcomes-another-vc-client]
[showandtell.agency/de/insights/news/show-tell-partners-with-mind-in-harrogate-district]
[showandtell.agency/de/insights/news/a-double-award-win-for-show-tell]
[showandtell.agency/de/insights/insights/power-composable-architecture]
[showandtell.agency/de/insights/news/new-client-alert-dtre.html]
[showandtell.agency/de/insights/insights/what-is-headless-cms]
[showandtell.agency/de/insights/news/uk-dev-awards-2024-finalist]
[showandtell.agency/de/insights/insights/customer-success-moving-arterius-from-wordpress-to-payload]
[showandtell.agency/de/insights.html]
[showandtell.agency/de/insights/news/impression-studio-rebrands-as-show-tell.html]
[showandtell.agency/de/insights/insights/embracing-change-an-introduction-to-our-visual-identity.html]
[showandtell.agency/de/insights/work/show-tell-appoints-former-jaywing-head-of-systems.html]
[showandtell.agency/de/services.html]
[showandtell.agency/de/privacy-cookies-policy.html]
[showandtell.agency/check.svg]
[showandtell.agency/_next/static/css/baa64e84f0ab6e02.css]
[showandtell.agency/_next/Decked Out - hero5872.jpg]
[showandtell.agency/_next/deckedout-fallback019bff.jpg]
[showandtell.agency/_next/deckedout-logo fallback4dea.jpg]
[showandtell.agency/_next/Decked Out - 03bab0.jpg]
[showandtell.agency/_next/Decked Out - 04f9ce.jpg]
[showandtell.agency/_next/Decked Out - 051785.jpg]
[showandtell.agency/_next/Decked Out - 06ae5b.jpg]
[showandtell.agency/_next/Decked Out - 076a85.jpg]
[showandtell.agency/_next/Decked Out - 085532.jpg]
[showandtell.agency/_next/BTG-055c84.jpg]
[showandtell.agency/case-study/decked-out.html]
[showandtell.agency/_next/tendegrees-hero511a.jpg]
[showandtell.agency/_next/ten degrees-001fb6a.jpg]
[showandtell.agency/_next/tendegrees-33e53.jpg]
[showandtell.agency/_next/tendegrees-038e46.jpg]
[showandtell.agency/_next/tendegrees-04914a.jpg]
[showandtell.agency/_next/Home-374677.jpg]
[showandtell.agency/_next/Home-382005.jpg]
[showandtell.agency/_next/Home-3937d3.jpg]
[showandtell.agency/_next/Home-40bc57.jpg]
[showandtell.agency/_next/Home-418822.jpg]
[showandtell.agency/_next/Home-42d709.jpg]
[showandtell.agency/_next/tendegrees-05d0af.jpg]
[showandtell.agency/_next/tendegrees-06903d.jpg]
[showandtell.agency/_next/tendegrees-07f082.jpg]
[showandtell.agency/case-study/ten-degrees.html]
[showandtell.agency/_next/griffith wood-herod1e9.jpg]
[showandtell.agency/_next/griffith wood-013008.jpg]
[showandtell.agency/_next/griffith wood-028b6f.jpg]
[showandtell.agency/_next/griffith wood-03278c.jpg]
[showandtell.agency/_next/griffith wood-046f6f.jpg]
[showandtell.agency/_next/griffith wood-0571dc.jpg]
[showandtell.agency/_next/griffith wood-060a35.jpg]
[showandtell.agency/_next/griffith wood-89fac.jpg]
[showandtell.agency/_next/griffith wood-084ef0.jpg]
[showandtell.agency/_next/Home-49155c.jpg]
[showandtell.agency/_next/Home-50c6a8.jpg]
[showandtell.agency/_next/Home-514372.jpg]
[showandtell.agency/_next/Home-52c4ff.jpg]
[showandtell.agency/_next/Home-53c671.jpg]
[showandtell.agency/_next/Home-54e995.jpg]
[showandtell.agency/_next/Bloom-09c0ff.jpg]
[showandtell.agency/case-study/griffith-wood.html]
[showandtell.agency/_next/Bloom-hero8641.jpg]
[showandtell.agency/_next/Bloom-01881e.jpg]
[showandtell.agency/_next/BLOOM-0216a8.jpg]
[showandtell.agency/_next/Bloom-03d659.jpg]
[showandtell.agency/_next/Bloom-040d0a.jpg]
[showandtell.agency/_next/Home-4366ee.jpg]
[showandtell.agency/_next/Home-44968d.jpg]
[showandtell.agency/_next/Home-456855.jpg]
[showandtell.agency/_next/Home-4631e8.jpg]
[showandtell.agency/_next/Home-47eace.jpg]
[showandtell.agency/_next/Home-48ab1e.jpg]
[showandtell.agency/_next/Bloom-078d82.jpg]
[showandtell.agency/_next/Bloom-0875a6.jpg]
[showandtell.agency/_next/tendegrees-0252e9.jpg]
[showandtell.agency/case-study/bloom-nine-elms.html]
[showandtell.agency/_next/hlr-261bc.jpg]
[showandtell.agency/_next/hlr-3c4c6.jpg]
[showandtell.agency/_next/hlr-433e5.jpg]
[showandtell.agency/_next/Home-558e79.jpg]
[showandtell.agency/_next/Home-56a35f.jpg]
[showandtell.agency/_next/Home-57bc05.jpg]
[showandtell.agency/_next/Home-586e69.jpg]
[showandtell.agency/_next/Home-59a060.jpg]
[showandtell.agency/_next/Home-608d62.jpg]
[showandtell.agency/_next/hlr-058398.jpg]
[showandtell.agency/_next/hlr-07fdb7.jpg]
[showandtell.agency/_next/hlr-0821fe.jpg]
[showandtell.agency/_next/hlr-0973e4.jpg]
[showandtell.agency/_next/hlr-109a6d.jpg]
[showandtell.agency/_next/hlr-11579f.jpg]
[showandtell.agency/_next/hlr-133eef.jpg]
[showandtell.agency/_next/equ-02870e.jpg]
[showandtell.agency/case-study/hlr-lookup.html]
[showandtell.agency/_next/static/css/adb33f28d818beee.css]
[showandtell.agency/_next/static/css/154b51e6b60b6e2c.css]
[showandtell.agency/_next/static/css/58ed28e8ff0edd88.css]
[showandtell.agency/_next/static/css/9d58990efe5e796f.css]
[showandtell.agency/_next/static/css/7b26691491bdbb5f.css]
[showandtell.agency/_next/static/css/8f04728bcde0a940.css]
[showandtell.agency/_next/static/css/ec48b4bcc4076d87.css]
[showandtell.agency/_next/static/css/82d873eab2c10dfe.css]
[showandtell.agency/_next/static/css/08aceee2147b3713.css]
[showandtell.agency/_next/static/css/1703d1efba6388a8.css]
[showandtell.agency/_next/static/css/e308d4017427581a.css]
[showandtell.agency/stars.svg]
[showandtell.agency/_next/static/css/98de51a94d82d814.css]
[showandtell.agency/_next/static/css/eaf3de06a6e8a5a0.css]
[showandtell.agency/_next/static/css/adbdb583440f3728.css]
[showandtell.agency/_next/static/css/fb6cdc8aaeb7414d.css]
[showandtell.agency/_next/KAL-hero5d46.jpg]
[showandtell.agency/_next/KAL-012139.jpg]
[showandtell.agency/_next/Home-12e73c.jpg]
[showandtell.agency/_next/Home-13065b.jpg]
[showandtell.agency/_next/Home-1485c1.jpg]
[showandtell.agency/_next/Home-150eba.jpg]
[showandtell.agency/_next/Home-168093.jpg]
[showandtell.agency/_next/Home-171c3a.jpg]
[showandtell.agency/_next/KAL-036cd0.jpg]
[showandtell.agency/_next/KAL-04d59b.jpg]
[showandtell.agency/_next/KAL-05c0c9.jpg]
[showandtell.agency/_next/KAL-079443.jpg]
[showandtell.agency/_next/KAL-0600ec.jpg]
[showandtell.agency/_next/KAL-089c58.jpg]
[showandtell.agency/_next/KAL-0981fd.jpg]
[showandtell.agency/_next/KAL-101e05.jpg]
[showandtell.agency/_next/YDO-042d73.jpg]
[showandtell.agency/case-study/kal.html]
[showandtell.agency/_next/BTG-hero6ea8.jpg]
[showandtell.agency/_next/BTG-010683.jpg]
[showandtell.agency/_next/BTG-034449.jpg]
[showandtell.agency/_next/BTG-04234f.jpg]
[showandtell.agency/_next/Home-2408ef.jpg]
[showandtell.agency/_next/Home-254386.jpg]
[showandtell.agency/_next/Home-261bd5.jpg]
[showandtell.agency/_next/Home-27ead5.jpg]
[showandtell.agency/_next/Home-28b2c8.jpg]
[showandtell.agency/_next/Home-29b379.jpg]
[showandtell.agency/_next/BTG-6d456.jpg]
[showandtell.agency/_next/BTG-0623ef.jpg]
[showandtell.agency/_next/BTG-075b19.jpg]
[showandtell.agency/_next/BTG-088a32.jpg]
[showandtell.agency/_next/ICB-06e969.jpg]
[showandtell.agency/case-study/bettys-taylors-group.html]
[showandtell.agency/_next/static/css/a5dd9d45079329e2.css]
[showandtell.agency/_next/DSC_1924 copy-18fdb.jpg]
[showandtell.agency/insights/news/show-tell-bolsters-growth-with-new-agency-marketing-manager.html]
[showandtell.agency/insights/undefined/show-tell-bolsters-growth-with-new-agency-marketing-manager.html]
[showandtell.agency/insights/undefined/the-importance-of-discovery-sessions-for-brandux.html]
[showandtell.agency/_next/image (41)cd0b.png]
[showandtell.agency/insights/insights/the-importance-of-discovery-sessions-for-brandux.html]
[showandtell.agency/insights/undefined/uk-sport-selects-show-tell-to-enhance-ux-for-eventimpacts-.html]
[showandtell.agency/_next/image (38)905f.png]
[showandtell.agency/insights/news/uk-sport-selects-show-tell-to-enhance-ux-for-eventimpacts-.html]
[showandtell.agency/insights/undefined/meet-the-team-tim-inggall.html]
[showandtell.agency/_next/DSC_1292 copy (1)4361.jpg]
[showandtell.agency/_next/Impression_Portraits_060 (2)aa31.jpg]
[showandtell.agency/insights/insights/meet-the-team-tim-inggall.html]
[showandtell.agency/_next/image (32)2391.png]
[showandtell.agency/insights/undefined/a-double-award-win-for-show-tell.html]
[showandtell.agency/_next/denton-066a9b.jpg]
[showandtell.agency/_next/denton-05f544.jpg]
[showandtell.agency/_next/IMG_10412d8e.jpg]
[showandtell.agency/insights/news/a-double-award-win-for-show-tell.html]
[showandtell.agency/insights/undefined/power-composable-architecture.html]
[showandtell.agency/_next/Impression_EverymanShoot_02855fc.jpg]
[showandtell.agency/insights/insights/power-composable-architecture.html]
[showandtell.agency/insights/undefined/new-client-alert-dtre.html]
[showandtell.agency/_next/DTRE_Industrial_17-1abd8.jpg]
[showandtell.agency/insights/news/new-client-alert-dtre.html]
[showandtell.agency/insights/undefined/what-is-headless-cms.html]
[showandtell.agency/_next/headless-blog49e4.jpg]
[showandtell.agency/insights/insights/what-is-headless-cms.html]
[showandtell.agency/insights/insights/building-a-better-website-in-2024.html]
[showandtell.agency/_next/image (22)7b8d.png]
[showandtell.agency/insights/undefined/uk-dev-awards-2024-finalist.html]
[showandtell.agency/insights/news/uk-dev-awards-2024-finalist.html]
[showandtell.agency/insights/news/show-tell-shortlisted-for-uk-digital-excellence-awards.html]
[showandtell.agency/_next/arterius-blog-hero17e5.jpg]
[showandtell.agency/insights/undefined/customer-success-moving-arterius-from-wordpress-to-payload.html]
[showandtell.agency/_next/Screenshot 2023-12-07 at 1725a2.png]
[showandtell.agency/insights/insights/customer-success-moving-arterius-from-wordpress-to-payload.html]
[showandtell.agency/_next/static/css/5bfcf2e4e75abdfd.css]
[showandtell.agency/_next/static/css/b420528efee6365e.css]
[showandtell.agency/_next/static/css/5f286abc07e4d9a9.css]
[showandtell.agency/_next/static/css/d018d0fc524100c4.css]
[showandtell.agency/_next/static/css/235b4caa9e18a9b8.css]
[showandtell.agency/fr/case-study/atlas-venture.html]
[showandtell.agency/de/case-study/atlas-venture.html]
[showandtell.agency/insights/insights/how-to-choose-the-right-cms-for-a-b2b-organisation.html]
[showandtell.agency/_next/rf-heroc328.jpg]
[showandtell.agency/_next/rf-012c8b.jpg]
[showandtell.agency/_next/rf-02f38c.jpg]
[showandtell.agency/_next/rf-02bd69.jpg]
[showandtell.agency/_next/rf-03b8b5.jpg]
[showandtell.agency/_next/rf-04f83c.jpg]
[showandtell.agency/_next/rf-05de3e.jpg]
[showandtell.agency/_next/rf-76b90.jpg]
[showandtell.agency/_next/rf-073798.jpg]
[showandtell.agency/_next/rf-082a85.jpg]
[showandtell.agency/_next/rf-Home5442.jpg]
[showandtell.agency/_next/rf-Home-148fe.jpg]
[showandtell.agency/_next/rf-Home-30342.jpg]
[showandtell.agency/_next/rf-Home-56c72.jpg]
[showandtell.agency/_next/rf-Home-60f8c.jpg]
[showandtell.agency/_next/rf-Home-7854d.jpg]
[showandtell.agency/_next/rf-09e8be.jpg]
[showandtell.agency/_next/o3-featurebd19.jpg]
[showandtell.agency/case-study/rfhic.html]
[showandtell.agency/fr/immersive.html]
[showandtell.agency/de/immersive.html]
[showandtell.agency/_next/static/css/2fb5e01acea0cf30.css]
[showandtell.agency/_next/static/css/56b4fa86ff56965d.css]
[showandtell.agency/_next/static/css/0ade1a4f89aac1d4.css]
[showandtell.agency/_next/static/css/e992490f66e932da.css]
[showandtell.agency/_next/static/css/092f4ddaf14d77ce.css]
[showandtell.agency/_next/static/css/f124961414680b60.css]
[showandtell.agency/fr/case-study/omega-funds.html]
[showandtell.agency/_next/of-hero2200.jpg]
[showandtell.agency/de/case-study/omega-funds.html]
[showandtell.agency/_next/of-012868.jpg]
[showandtell.agency/_next/Home-310a7f.jpg]
[showandtell.agency/_next/Home-32a691.jpg]
[showandtell.agency/_next/Home-337206.jpg]
[showandtell.agency/_next/Home-347182.jpg]
[showandtell.agency/_next/Home-35f5a2.jpg]
[showandtell.agency/_next/Home-360645.jpg]
[showandtell.agency/_next/of-0512d5.jpg]
[showandtell.agency/_next/of-061b3a.jpg]
[showandtell.agency/_next/of-08dec3.jpg]
[showandtell.agency/_next/Inga-hero663c.jpg]
[showandtell.agency/case-study/omega-funds.html]
[showandtell.agency/_next/inga-013e09.jpg]
[showandtell.agency/_next/inga-25303.jpg]
[showandtell.agency/_next/inga-02ff37.jpg]
[showandtell.agency/_next/inga-05ec11.jpg]
[showandtell.agency/_next/inga-0638a8.jpg]
[showandtell.agency/_next/inga-078f6c.jpg]
[showandtell.agency/_next/inga-08bec2.jpg]
[showandtell.agency/_next/inga-09c8bb.jpg]
[showandtell.agency/_next/inga-10d029.jpg]
[showandtell.agency/_next/ne-thumb815d.jpg]
[showandtell.agency/case-study/ing-group.html]
[showandtell.agency/fr/case-study/sanderson-weatherall.html]
[showandtell.agency/de/case-study/sanderson-weatherall.html]
[showandtell.agency/_next/sw-hero4dba.jpg]
[showandtell.agency/_next/sw-01c1d0.jpg]
[showandtell.agency/_next/sw-0289aa.jpg]
[showandtell.agency/_next/sw-04f932.jpg]
[showandtell.agency/_next/sw-030768.jpg]
[showandtell.agency/_next/sw-Home9e19.jpg]
[showandtell.agency/_next/sw-Home-1dc97.jpg]
[showandtell.agency/_next/sw-Home-27555.jpg]
[showandtell.agency/_next/sw-Home-3abc8.jpg]
[showandtell.agency/_next/sw-Home-4b232.jpg]
[showandtell.agency/_next/sw-Home-5ebd9.jpg]
[showandtell.agency/_next/swb-0637ca.jpg]
[showandtell.agency/_next/sw-052cf9.jpg]
[showandtell.agency/_next/sw-08fe53.jpg]
[showandtell.agency/_next/sw-8bc00.jpg]
[showandtell.agency/case-study/sanderson-weatherall.html]
[showandtell.agency/_next/pulse-hero230f.jpg]
[showandtell.agency/_next/pulse-302fa.jpg]
[showandtell.agency/_next/pulse-3(1)ec23.jpg]
[showandtell.agency/_next/pulse-58d58.jpg]
[showandtell.agency/_next/pulse-679ba.jpg]
[showandtell.agency/_next/pulse-765db.jpg]
[showandtell.agency/_next/pulse-fullwidth568a.jpg]
[showandtell.agency/_next/pulse-8b83b.jpg]
[showandtell.agency/_next/pulse-9d69f.jpg]
[showandtell.agency/_next/pulse-10fd58.jpg]
[showandtell.agency/_next/pulse-113109.jpg]
[showandtell.agency/_next/pulse-1215d9.jpg]
[showandtell.agency/case-study/pulse-fibre.html]
[showandtell.agency/_next/WT-heroabfb.jpg]
[showandtell.agency/_next/WT-01a462.jpg]
[showandtell.agency/_next/WT-032764.jpg]
[showandtell.agency/_next/WT-5bbd8.jpg]
[showandtell.agency/_next/WT-05ad16.jpg]
[showandtell.agency/_next/Screenshot 2023-11-01 at 110d56.png]
[showandtell.agency/_next/wt-Home5ada.jpg]
[showandtell.agency/_next/wt-Home-2c370.jpg]
[showandtell.agency/_next/wt-Home-3cb66.jpg]
[showandtell.agency/_next/wt-Home-489bc.jpg]
[showandtell.agency/_next/wt-Home-5f1d8.jpg]
[showandtell.agency/_next/wt-Home-1ed63.jpg]
[showandtell.agency/_next/WT-060e00.jpg]
[showandtell.agency/_next/WT-07eb20.jpg]
[showandtell.agency/_next/WT-08b560.jpg]
[showandtell.agency/_next/WT-09182f.jpg]
[showandtell.agency/_next/us-thumbf896.jpg]
[showandtell.agency/case-study/whitetail-gin.html]
[showandtell.agency/_next/YDO-herocf23.jpg]
[showandtell.agency/_next/YDO-011092.jpg]
[showandtell.agency/_next/YDO-03f6c0.jpg]
[showandtell.agency/_next/YDO-05b292.jpg]
[showandtell.agency/_next/YDO-06918d.jpg]
[showandtell.agency/_next/Home-6a7f9.jpg]
[showandtell.agency/_next/Home-7337e.jpg]
[showandtell.agency/_next/Home-88c16.jpg]
[showandtell.agency/_next/Home-9f883.jpg]
[showandtell.agency/_next/Home-1064c9.jpg]
[showandtell.agency/_next/Home-1101a4.jpg]
[showandtell.agency/_next/YDO-0707b3.jpg]
[showandtell.agency/_next/YDO-08b1bf.jpg]
[showandtell.agency/_next/rf-068daa.jpg]
[showandtell.agency/case-study/yeah-days-out.html]
[showandtell.agency/_next/ne-hero635a.jpg]
[showandtell.agency/_next/ne-160f5.jpg]
[showandtell.agency/_next/ne-28521.jpg]
[showandtell.agency/_next/ne-5147e.jpg]
[showandtell.agency/_next/ne-44453.jpg]
[showandtell.agency/_next/ne111021.jpg]
[showandtell.agency/_next/ne-605b4.jpg]
[showandtell.agency/_next/ne-71004.jpg]
[showandtell.agency/_next/ne-84531.jpg]
[showandtell.agency/_next/ne-948a9.jpg]
[showandtell.agency/_next/Home-1ca45.jpg]
[showandtell.agency/_next/Home-2a359.jpg]
[showandtell.agency/_next/Home-383fa.jpg]
[showandtell.agency/_next/Home-44dec.jpg]
[showandtell.agency/_next/Homea0d3.jpg]
[showandtell.agency/_next/Home-5b7fa.jpg]
[showandtell.agency/_next/ne-9-1b618.jpg]
[showandtell.agency/_next/ne-10754e.jpg]
[showandtell.agency/case-study/northern-energy.html]
[showandtell.agency/_next/ICB-014b36.jpg]
[showandtell.agency/_next/ICB-037753.jpg]
[showandtell.agency/_next/ICB-049c35.jpg]
[showandtell.agency/_next/ICB-052b2b.jpg]
[showandtell.agency/_next/ICB-07a96d.jpg]
[showandtell.agency/_next/Home-18bffd.jpg]
[showandtell.agency/_next/Home-19e064.jpg]
[showandtell.agency/_next/Home-20a259.jpg]
[showandtell.agency/_next/Home-21e8fa.jpg]
[showandtell.agency/_next/Home-22dfee.jpg]
[showandtell.agency/_next/Home-234649.jpg]
[showandtell.agency/_next/ICB-07-1ad82.jpg]
[showandtell.agency/case-study/ic-brands.html]
[showandtell.agency/_next/O3-Herof49b.jpg]
[showandtell.agency/_next/o3-1421e.jpg]
[showandtell.agency/_next/o3-24ea1.jpg]
[showandtell.agency/_next/o&3-fallback0187d7.jpg]
[showandtell.agency/_next/Screenshot 2023-10-18 at 092519.png]
[showandtell.agency/_next/o3-543d1.jpg]
[showandtell.agency/_next/Screenshot 2023-10-18 at 09647d.png]
[showandtell.agency/_next/o3-68da4.jpg]
[showandtell.agency/_next/o3Homec321.jpg]
[showandtell.agency/_next/o3Home-2db74.jpg]
[showandtell.agency/_next/o3Home-3b8c3.jpg]
[showandtell.agency/_next/o3Home-4710a.jpg]
[showandtell.agency/_next/o3Home-54467.jpg]
[showandtell.agency/_next/o3Home-19edc.jpg]
[showandtell.agency/_next/o3-7eb1b.jpg]
[showandtell.agency/_next/o3-8de7f.jpg]
[showandtell.agency/_next/o3-978df.jpg]
[showandtell.agency/_next/o3-1088d4.jpg]
[showandtell.agency/case-study/o3.html]
[showandtell.agency/case-study/ulrick-short.html]
[showandtell.agency/insights/undefined/show-tell-partners-with-mind-in-harrogate-district.html]
[showandtell.agency/_next/static/css/e40daace9cd3784e.css]
[showandtell.agency/insights/undefined/show-tell-welcomes-another-vc-client.html]
[showandtell.agency/insights/undefined/impression-studio-rebrands-as-show-tell.html]
[showandtell.agency/_next/Show and Tell - deep dive thumbnial9f65.jpg]
[showandtell.agency/_next/Show and Tell - deep dive thumbnialf9a5.jpg]
[showandtell.agency/insights/undefined/embracing-change-an-introduction-to-our-visual-identity.html]
[showandtell.agency/_next/st-biz-mockup7e83.jpg]
[showandtell.agency/_next/swatchesa7d7.jpg]
[showandtell.agency/_next/type522c.jpg]
[showandtell.agency/_next/st-mockup-laptop2411.jpg]
[showandtell.agency/_next/st-asset8d05.jpg]
[showandtell.agency/insights/news/embracing-change-an-introduction-to-our-visual-identity.html]
[showandtell.agency/insights/insights/embracing-change-an-introduction-to-our-visual-identity.html]
[showandtell.agency/_next/Impression_0140b71d.jpg]
[showandtell.agency/_next/Impression_26f601.jpg]
[showandtell.agency/_next/Impression_Feb194844-1d6aa.jpg]
[showandtell.agency/_next/Impression_5-506x67119a8.jpg]
[showandtell.agency/sector/brand-consultancy.html]
[showandtell.agency/_next/Bitmapa52f.jpg]
[showandtell.agency/_next/Impression_19-2112x1188428d.jpg]
[showandtell.agency/sector/symfony.html]
[showandtell.agency/_next/Impression_Lifestyle_18086ce.jpg]
[showandtell.agency/_next/us-37eab.jpg]
[showandtell.agency/_next/Impression_Lifestyle_171bdd2.jpg]
[showandtell.agency/sector/wordpress-agency.html]
[showandtell.agency/_next/Impression_Feb195227-1-1-2112x1188cf1e.jpg]
[showandtell.agency/sector/enterprise-wordpress-development.html]
[showandtell.agency/sector/woocommerce-development.html]
[showandtell.agency/sector/web-development-2.html]
[showandtell.agency/_next/Coding-Impression-45837.jpg]
[showandtell.agency/_next/microtech-020d82.jpg]
[showandtell.agency/_next/Digital-BW-Image-Preview2071f.jpg]
[showandtell.agency/_next/ferenc-almasi-eYpcLDXHVb0-unsplash-1a9b2.jpg]
[showandtell.agency/Sector/web-development.html]
[showandtell.agency/_next/Impression_Lifestyle_1772a76.jpg]
[showandtell.agency/_next/PSL-4-scaled9294.jpg]
[showandtell.agency/_next/Impression_Lifestyle_243-scalede7ae.jpg]
[showandtell.agency/sector/sylius.html]
[showandtell.agency/_next/Impression_6-2112x1188a350.jpg]
[showandtell.agency/_next/geo_2-1-scaled5d73.jpg]
[showandtell.agency/_next/Coding-Impression-492e5.jpg]
[showandtell.agency/sector/shopify-plus.html]
[showandtell.agency/_next/alex-kotliarskyi-QBpZGqEMsKg-unsplash-scaled2e04.jpg]
[showandtell.agency/_next/john-schnobrich-2FPjlAyMQTA-unsplash719e.jpg]
[showandtell.agency/_next/SWLeedsNov2018-503-scaled387a.jpg]
[showandtell.agency/sector/laravel.html]
[showandtell.agency/_next/Impression_StudioShoot_128-2112x1188ef77.jpg]
[showandtell.agency/_next/Impression_Lifestyle_177-scaledc631.jpg]
[showandtell.agency/_next/Rectangle 8728d95.jpg]
[showandtell.agency/sector/nextjs-development.html]
[showandtell.agency/_next/Impression_Lifestyle_2640bc0.jpg]
[showandtell.agency/_next/IW_Hero3574.png]
[showandtell.agency/_next/Imp-Planning-Image-1-240bf.jpg]
[showandtell.agency/sector/react.html]
[showandtell.agency/_next/IW-09-12ae7.jpg]
[showandtell.agency/_next/pexels-photo-92904124d2.jpg]
[showandtell.agency/_next/Impression_Lifestyle_181-scaledae82.jpg]
[showandtell.agency/_next/Artboard-Copy-9-scaled27ed.jpg]
[showandtell.agency/sector/payload-cms.html]
[showandtell.agency/_next/Impression_Feb194844-1-2112x11889307.jpg]
[showandtell.agency/_next/craft-cms48cd.jpg]
[showandtell.agency/_next/IW-02-1d5f1.jpg]
[showandtell.agency/_next/IW-09-19d3d.jpg]
[showandtell.agency/sector/craft-cms-agency.html]
[showandtell.agency/_next/Impression_Feb194714-1-2112x118848eb.jpg]
[showandtell.agency/_next/Impression_Feb194708-1410c.jpg]
[showandtell.agency/_next/Impression_0016-1-845x150257e6.jpg]
[showandtell.agency/sector/ecommerce.html]
[showandtell.agency/_next/Impression_Lifestyle_219fd6e.jpg]
[showandtell.agency/_next/Impression_Lifestyle_171e40e.jpg]
[showandtell.agency/_next/Impression_265624.jpg]
[showandtell.agency/sector/web-design.html]
[showandtell.agency/_next/Impression_Lifestyle_13505ca.jpg]
[showandtell.agency/_next/Impression_0482d9e5.jpg]
[showandtell.agency/sector/ux-user-experience-agency.html]
[showandtell.agency/_next/Impression_Lifestyle_1640cd2.jpg]
[showandtell.agency/_next/Impression_Lifestyle_1817359.jpg]
[showandtell.agency/sector/vuejs.html]
[showandtell.agency/_next/Untitled-design-2021-09-22T115320e2d5.png]
[showandtell.agency/_next/Impression_StudioShoot_108-scaleddcac.jpg]
[showandtell.agency/_next/Impression_StudioShoot_128-506x671a54d.jpg]
[showandtell.agency/_next/Impression_StudioShoot_075-scaledc4ef.jpg]
[showandtell.agency/sector/social-media-marketing.html]
[showandtell.agency/_next/IMP-PPC-HeaderImage-01-4a506.jpg]
[showandtell.agency/sector/ppc.html]
[showandtell.agency/_next/Impression-Consultancy-Grid-Images-03-2e651.jpg]
[showandtell.agency/sector/seo.html]
[showandtell.agency/_next/Impression_9-scaled7856.jpg]
[showandtell.agency/_next/Imp-CJM-Img-2-27cd2.jpg]
[showandtell.agency/_next/Impression_Feb194844-1-2112x1188e05b.jpg]
[showandtell.agency/sector/digital-strategy.html]
[showandtell.agency/_next/shutterstock_279709577-scaled0db3.jpg]
[showandtell.agency/_next/power-web-4efbb.jpg]
[showandtell.agency/sector/conversion-rate-optimisation-cro.html]
[showandtell.agency/_next/alex-kotliarskyi-QBpZGqEMsKg-unsplash-scaled1089.jpg]
[showandtell.agency/_next/hfss-mob6417.jpg]
[showandtell.agency/_next/toomas-tartes-Yizrl9N_eDA-unsplash833f.jpg]
[showandtell.agency/sector/b2b-web-design-agency.html]
[showandtell.agency/_next/toomas-tartes-Yizrl9N_eDA-unsplash3aa4.jpg]
[showandtell.agency/_next/Impression_Lifestyle_214438c.jpg]
[showandtell.agency/_next/stormsock1-1f02e.png]
[showandtell.agency/_next/mbc-0224e1.jpg]
[showandtell.agency/sector/agency-for-outdoor-brands.html]
[showandtell.agency/_next/static/css/c7df7c591d83550d.css]
[showandtell.agency/_next/static/css/c8d80bd85899490e.css]
[showandtell.agency/fr/case-study/decked-out.html]
[showandtell.agency/fr/case-study/ten-degrees.html]
[showandtell.agency/fr/case-study/griffith-wood.html]
[showandtell.agency/case-study/manchester-basketball-club.html]
[showandtell.agency/fr/case-study/bloom-nineelms.co.uk]
[showandtell.agency/fr/case-study/bloom-nine-elms.html]
[showandtell.agency/fr/case-study/hlr-lookup.html]
[showandtell.agency/fr/case-study/rfhic.html]
[showandtell.agency/fr/case-study/kal.html]
[showandtell.agency/fr/case-study/bettys-taylors-group.html]
[showandtell.agency/fr/insights/news/show-tell-bolsters-growth-with-new-agency-marketing-manager.html]
[showandtell.agency/fr/insights/insights/the-importance-of-discovery-sessions-for-brandux.html]
[showandtell.agency/fr/insights/news/uk-sport-selects-show-tell-to-enhance-ux-for-eventimpacts-.html]
[showandtell.agency/fr/insights/insights/meet-the-team-tim-inggall.html]
[showandtell.agency/fr/insights/news/show-tell-welcomes-another-vc-client.html]
[showandtell.agency/fr/insights/news/show-tell-partners-with-mind-in-harrogate-district.html]
[showandtell.agency/fr/insights/news/a-double-award-win-for-show-tell.html]
[showandtell.agency/fr/insights/insights/power-composable-architecture.html]
[showandtell.agency/fr/insights/news/new-client-alert-dtre.html]
[showandtell.agency/fr/insights/insights/what-is-headless-cms.html]
[showandtell.agency/fr/insights/news/uk-dev-awards-2024-finalist.html]
[showandtell.agency/fr/insights/insights/customer-success-moving-arterius-from-wordpress-to-payload.html]
[showandtell.agency/de/case-study/decked-out.html]
[showandtell.agency/de/case-study/ten-degrees.html]
[showandtell.agency/de/case-study/griffith-wood.html]
[showandtell.agency/de/case-study/bloom-nineelms.co.uk]
[showandtell.agency/de/case-study/bloom-nine-elms.html]
[showandtell.agency/de/case-study/hlr-lookup.html]
[showandtell.agency/de/case-study/rfhic.html]
[showandtell.agency/de/case-study/kal.html]
[showandtell.agency/de/case-study/bettys-taylors-group.html]
[showandtell.agency/de/insights/news/show-tell-bolsters-growth-with-new-agency-marketing-manager.html]
[showandtell.agency/de/insights/insights/the-importance-of-discovery-sessions-for-brandux.html]
[showandtell.agency/de/insights/news/uk-sport-selects-show-tell-to-enhance-ux-for-eventimpacts-.html]
[showandtell.agency/de/insights/insights/meet-the-team-tim-inggall.html]
[showandtell.agency/de/insights/news/show-tell-welcomes-another-vc-client.html]
[showandtell.agency/de/insights/news/show-tell-partners-with-mind-in-harrogate-district.html]
[showandtell.agency/de/insights/news/a-double-award-win-for-show-tell.html]
[showandtell.agency/de/insights/insights/power-composable-architecture.html]
[showandtell.agency/de/insights/news/new-client-alert-dtre.html]
[showandtell.agency/de/insights/insights/what-is-headless-cms.html]
[showandtell.agency/de/insights/news/uk-dev-awards-2024-finalist.html]
[showandtell.agency/de/insights/insights/customer-success-moving-arterius-from-wordpress-to-payload.html]
[showandtell.agency/insights/undefined/show-tell-bolsters-growth-with-new-agency-marketing-manager.html]
[showandtell.agency/insights/undefined/the-importance-of-discovery-sessions-for-brandux.html]
[showandtell.agency/insights/undefined/uk-sport-selects-show-tell-to-enhance-ux-for-eventimpacts-.html]
[showandtell.agency/insights/undefined/meet-the-team-tim-inggall.html]
[showandtell.agency/insights/undefined/a-double-award-win-for-show-tell.html]
[showandtell.agency/insights/undefined/power-composable-architecture.html]
[showandtell.agency/insights/undefined/new-client-alert-dtre.html]
[showandtell.agency/insights/undefined/what-is-headless-cms.html]
[showandtell.agency/insights/undefined/building-a-better-website-in-2024.html]
[showandtell.agency/_next/blog-thumbed12.jpg]
[showandtell.agency/insights/insights/building-a-better-website-in-2024.html]
[showandtell.agency/insights/undefined/uk-dev-awards-2024-finalist.html]
[showandtell.agency/_next/e4awards-blog-1ba22.jpg]
[showandtell.agency/insights/news/show-tell-shortlisted-for-uk-digital-excellence-awards.html]
[showandtell.agency/insights/undefined/customer-success-moving-arterius-from-wordpress-to-payload.html]
[showandtell.agency/insights/undefined/show-tell-shortlisted-for-uk-digital-excellence-awards.html]
[showandtell.agency/insights/undefined/how-to-choose-the-right-cms-for-a-b2b-organisation.html]
[showandtell.agency/_next/CMSImage6005.jpg]
[showandtell.agency/insights/insights/how-to-choose-the-right-cms-for-a-b2b-organisation.html]
[showandtell.agency/fr/case-study/omega-funds.html]
[showandtell.agency/de/case-study/omega-funds.html]
[showandtell.agency/fr/case-study/sanderson-weatherall.html]
[showandtell.agency/de/case-study/sanderson-weatherall.html]
[showandtell.agency/insights/undefined/embracing-change-an-introduction-to-our-visual-identity.html]
[showandtell.agency/sector/web-development-2.html]
[showandtell.agency/_next/mbc-her7b65.jpg]
[showandtell.agency/_next/MBC-019181.jpg]
[showandtell.agency/_next/mbc-02087f.jpg]
[showandtell.agency/_next/mbc-03595b.jpg]
[showandtell.agency/_next/mbc-087ece.jpg]
[showandtell.agency/_next/mbc-041ed0.jpg]
[showandtell.agency/_next/mbc-05c6a9.jpg]
[showandtell.agency/_next/mbc-06a501.jpg]
[showandtell.agency/_next/Home-307cbb.jpg]
[showandtell.agency/_next/Home-1(1)40ce.jpg]
[showandtell.agency/_next/Home-2(1)24e8.jpg]
[showandtell.agency/_next/Home-3(1)3b9d.jpg]
[showandtell.agency/_next/Home-4(1)fa0d.jpg]
[showandtell.agency/_next/Home-5(1)7cfc.jpg]
[showandtell.agency/_next/mbc-076844.jpg]
[showandtell.agency/case-study/manchester-basketball-club.html]
[showandtell.agency/fr/case-study/bloom-nineelms.co.html]
[showandtell.agency/de/case-study/bloom-nineelms.co.html]
[showandtell.agency/insights/undefined/building-a-better-website-in-2024.html]
[showandtell.agency/insights/undefined/show-tell-shortlisted-for-uk-digital-excellence-awards.html]
[showandtell.agency/insights/undefined/how-to-choose-the-right-cms-for-a-b2b-organisation.html]
